06/02/2026 21:15:35 - INFO - root - train_labeled_dataset: 129708
06/02/2026 21:15:35 - INFO - root - val_dataset: 25938
06/02/2026 21:15:35 - INFO - root - test_dataset: 17304
06/02/2026 21:15:35 - INFO - root - train_unlabeled_dataset: 638507
[PBT Initial] task 0: λ=0.010, τ=0.850 | task 1: λ=1.000, τ=0.900 | task 2: λ=100.000, τ=0.950
                                                                                                                                                                                                                
[PBT Round 1/30, epoch 5/150]
        best(before)=0 | (λ=0.0100, τ=0.8500) | accuracy=0.9737, precision=0.9079, recall=0.8243, f1-score=0.8598
        worst(before)=2 | (λ=100.0000, τ=0.9500) | accuracy=0.8596, precision=0.3812, recall=0.1577, f1-score=0.1784
        update(after)=2 <- 0(λ=0.0060, τ=0.8650)
                                                                                                                                                                                                                
[PBT Round 2/30, epoch 10/150]
        best(before)=0 | (λ=0.0100, τ=0.8500) | accuracy=0.9745, precision=0.8927, recall=0.8589, f1-score=0.8716
        worst(before)=1 | (λ=1.0000, τ=0.9000) | accuracy=0.9729, precision=0.8941, recall=0.8367, f1-score=0.8588
        update(after)=1 <- 0(λ=0.0060, τ=0.8350)
                                                                                                                                                                                                                
[PBT Round 3/30, epoch 15/150]
        best(before)=0 | (λ=0.0100, τ=0.8500) | accuracy=0.9771, precision=0.9073, recall=0.8603, f1-score=0.8790
        worst(before)=2 | (λ=0.0060, τ=0.8650) | accuracy=0.9768, precision=0.9056, recall=0.8547, f1-score=0.8748
        update(after)=2 <- 0(λ=0.0060, τ=0.8650)
                                                                                                                                                                                                                
[PBT Round 4/30, epoch 20/150]
        best(before)=0 | (λ=0.0100, τ=0.8500) | accuracy=0.9769, precision=0.9125, recall=0.8657, f1-score=0.8853
        worst(before)=2 | (λ=0.0060, τ=0.8650) | accuracy=0.9768, precision=0.8941, recall=0.8785, f1-score=0.8834
        update(after)=2 <- 0(λ=0.0060, τ=0.8350)
                                                                                                                                                                                                                
[PBT Round 5/30, epoch 25/150]
        best(before)=1 | (λ=0.0060, τ=0.8350) | accuracy=0.9795, precision=0.9069, recall=0.8892, f1-score=0.8958
        worst(before)=2 | (λ=0.0060, τ=0.8350) | accuracy=0.9776, precision=0.8976, recall=0.8725, f1-score=0.8817
        update(after)=2 <- 1(λ=0.0036, τ=0.8500)
                                                                                                                                                                                                                
[PBT Round 6/30, epoch 30/150]
        best(before)=1 | (λ=0.0060, τ=0.8350) | accuracy=0.9732, precision=0.9085, recall=0.8469, f1-score=0.8690
        worst(before)=2 | (λ=0.0036, τ=0.8500) | accuracy=0.9734, precision=0.9036, recall=0.8433, f1-score=0.8648
        update(after)=2 <- 1(λ=0.0036, τ=0.8300)
                                                                                                                                                                                                                
[PBT Round 7/30, epoch 35/150]
        best(before)=2 | (λ=0.0036, τ=0.8300) | accuracy=0.9779, precision=0.9137, recall=0.8713, f1-score=0.8905
        worst(before)=0 | (λ=0.0100, τ=0.8500) | accuracy=0.9771, precision=0.9100, recall=0.8543, f1-score=0.8792
        update(after)=0 <- 2(λ=0.0022, τ=0.8300)
                                                                                                                                                                                                                
[PBT Round 8/30, epoch 40/150]
        best(before)=0 | (λ=0.0022, τ=0.8300) | accuracy=0.9792, precision=0.8999, recall=0.8821, f1-score=0.8895
        worst(before)=2 | (λ=0.0036, τ=0.8300) | accuracy=0.9795, precision=0.9009, recall=0.8798, f1-score=0.8887
        update(after)=2 <- 0(λ=0.0030, τ=0.8300)
                                                                                                                                                                                                                
[PBT Round 9/30, epoch 45/150]
        best(before)=0 | (λ=0.0022, τ=0.8300) | accuracy=0.9788, precision=0.9102, recall=0.8765, f1-score=0.8889
        worst(before)=1 | (λ=0.0060, τ=0.8350) | accuracy=0.9767, precision=0.9058, recall=0.8687, f1-score=0.8836
        update(after)=1 <- 0(λ=0.0030, τ=0.8450)
                                                                                                                                                                                                                
[PBT Round 10/30, epoch 50/150]
        best(before)=2 | (λ=0.0030, τ=0.8300) | accuracy=0.9773, precision=0.9046, recall=0.8823, f1-score=0.8889
        worst(before)=1 | (λ=0.0030, τ=0.8450) | accuracy=0.9766, precision=0.9024, recall=0.8794, f1-score=0.8862
        update(after)=1 <- 2(λ=0.0042, τ=0.8300)
                                                                                                                                                                                                                
[PBT Round 11/30, epoch 55/150]
        best(before)=0 | (λ=0.0022, τ=0.8300) | accuracy=0.9781, precision=0.9047, recall=0.8805, f1-score=0.8886
        worst(before)=1 | (λ=0.0042, τ=0.8300) | accuracy=0.9773, precision=0.9192, recall=0.8613, f1-score=0.8866
        update(after)=1 <- 0(λ=0.0030, τ=0.8300)
                                                                                                                                                                                                                
[PBT Round 12/30, epoch 60/150]
        best(before)=0 | (λ=0.0022, τ=0.8300) | accuracy=0.9787, precision=0.8995, recall=0.8931, f1-score=0.8923
        worst(before)=2 | (λ=0.0030, τ=0.8300) | accuracy=0.9760, precision=0.9244, recall=0.8632, f1-score=0.8880
        update(after)=2 <- 0(λ=0.0030, τ=0.8450)
                                                                                                                                                                                                                
[PBT Round 13/30, epoch 65/150]
        best(before)=2 | (λ=0.0030, τ=0.8450) | accuracy=0.9788, precision=0.9118, recall=0.8794, f1-score=0.8939
        worst(before)=1 | (λ=0.0030, τ=0.8300) | accuracy=0.9787, precision=0.9085, recall=0.8780, f1-score=0.8915
        update(after)=1 <- 2(λ=0.0042, τ=0.8600)
                                                                                                                                                                                                                
[PBT Round 14/30, epoch 70/150]
        best(before)=0 | (λ=0.0022, τ=0.8300) | accuracy=0.9786, precision=0.9174, recall=0.8732, f1-score=0.8928
        worst(before)=2 | (λ=0.0030, τ=0.8450) | accuracy=0.9790, precision=0.9181, recall=0.8659, f1-score=0.8893
        update(after)=2 <- 0(λ=0.0030, τ=0.8450)
                                                                                                                                                                                                                
[PBT Round 15/30, epoch 75/150]
        best(before)=1 | (λ=0.0042, τ=0.8600) | accuracy=0.9788, precision=0.9165, recall=0.8788, f1-score=0.8943
        worst(before)=0 | (λ=0.0022, τ=0.8300) | accuracy=0.9790, precision=0.9136, recall=0.8776, f1-score=0.8919
        update(after)=0 <- 1(λ=0.0059, τ=0.8750)
                                                                                                                                                                                                                
[PBT Round 16/30, epoch 80/150]
        best(before)=1 | (λ=0.0042, τ=0.8600) | accuracy=0.9790, precision=0.9187, recall=0.8790, f1-score=0.8967
        worst(before)=0 | (λ=0.0059, τ=0.8750) | accuracy=0.9791, precision=0.9169, recall=0.8780, f1-score=0.8956
        update(after)=0 <- 1(λ=0.0025, τ=0.8450)
                                                                                                                                                                                                                
[PBT Round 17/30, epoch 85/150]
        best(before)=1 | (λ=0.0042, τ=0.8600) | accuracy=0.9801, precision=0.9218, recall=0.8832, f1-score=0.9006
        worst(before)=2 | (λ=0.0030, τ=0.8450) | accuracy=0.9798, precision=0.9158, recall=0.8868, f1-score=0.8995
        update(after)=2 <- 1(λ=0.0059, τ=0.8750)
                                                                                                                                                                                                                
[PBT Round 18/30, epoch 90/150]
        best(before)=2 | (λ=0.0059, τ=0.8750) | accuracy=0.9801, precision=0.9050, recall=0.8963, f1-score=0.8988
        worst(before)=1 | (λ=0.0042, τ=0.8600) | accuracy=0.9791, precision=0.9044, recall=0.8895, f1-score=0.8949
        update(after)=1 <- 2(λ=0.0083, τ=0.8600)
                                                                                                                                                                                                                
[PBT Round 19/30, epoch 95/150]
        best(before)=2 | (λ=0.0059, τ=0.8750) | accuracy=0.9807, precision=0.9180, recall=0.8910, f1-score=0.9018
        worst(before)=0 | (λ=0.0025, τ=0.8450) | accuracy=0.9804, precision=0.9142, recall=0.8887, f1-score=0.8989
        update(after)=0 <- 2(λ=0.0083, τ=0.8600)
                                                                                                                                                                                                                
[PBT Round 20/30, epoch 100/150]
        best(before)=0 | (λ=0.0083, τ=0.8600) | accuracy=0.9801, precision=0.9178, recall=0.8859, f1-score=0.8990
        worst(before)=1 | (λ=0.0083, τ=0.8600) | accuracy=0.9792, precision=0.9209, recall=0.8799, f1-score=0.8966
        update(after)=1 <- 0(λ=0.0050, τ=0.8450)
                                                                                                                                                                                                                
[PBT Round 21/30, epoch 105/150]
        best(before)=2 | (λ=0.0059, τ=0.8750) | accuracy=0.9800, precision=0.9137, recall=0.8909, f1-score=0.8985
        worst(before)=1 | (λ=0.0050, τ=0.8450) | accuracy=0.9793, precision=0.9120, recall=0.8888, f1-score=0.8966
        update(after)=1 <- 2(λ=0.0036, τ=0.8600)
                                                                                                                                                                                                                
[PBT Round 22/30, epoch 110/150]
        best(before)=1 | (λ=0.0036, τ=0.8600) | accuracy=0.9799, precision=0.9059, recall=0.9023, f1-score=0.9017
        worst(before)=0 | (λ=0.0083, τ=0.8600) | accuracy=0.9796, precision=0.9090, recall=0.8976, f1-score=0.9007
        update(after)=0 <- 1(λ=0.0050, τ=0.8750)
                                                                                                                                                                                                                
[PBT Round 23/30, epoch 115/150]
        best(before)=2 | (λ=0.0059, τ=0.8750) | accuracy=0.9808, precision=0.9165, recall=0.8929, f1-score=0.9020
        worst(before)=1 | (λ=0.0036, τ=0.8600) | accuracy=0.9800, precision=0.9184, recall=0.8859, f1-score=0.8995
        update(after)=1 <- 2(λ=0.0083, τ=0.8900)
                                                                                                                                                                                                                
[PBT Round 24/30, epoch 120/150]
        best(before)=0 | (λ=0.0050, τ=0.8750) | accuracy=0.9802, precision=0.9078, recall=0.8978, f1-score=0.8990
        worst(before)=1 | (λ=0.0083, τ=0.8900) | accuracy=0.9797, precision=0.9082, recall=0.8943, f1-score=0.8968
        update(after)=1 <- 0(λ=0.0070, τ=0.8600)
                                                                                                                                                                                                                
[PBT Round 25/30, epoch 125/150]
        best(before)=1 | (λ=0.0070, τ=0.8600) | accuracy=0.9800, precision=0.9229, recall=0.8893, f1-score=0.9036
        worst(before)=2 | (λ=0.0059, τ=0.8750) | accuracy=0.9803, precision=0.9212, recall=0.8846, f1-score=0.8997
        update(after)=2 <- 1(λ=0.0098, τ=0.8750)
                                                                                                                                                                                                                
[PBT Round 26/30, epoch 130/150]
        best(before)=0 | (λ=0.0050, τ=0.8750) | accuracy=0.9803, precision=0.9195, recall=0.8878, f1-score=0.9012
        worst(before)=2 | (λ=0.0098, τ=0.8750) | accuracy=0.9796, precision=0.9201, recall=0.8874, f1-score=0.9011
        update(after)=2 <- 0(λ=0.0030, τ=0.8900)
                                                                                                                                                                                                                
[PBT Round 27/30, epoch 135/150]
        best(before)=0 | (λ=0.0050, τ=0.8750) | accuracy=0.9806, precision=0.9063, recall=0.9001, f1-score=0.9016
        worst(before)=1 | (λ=0.0070, τ=0.8600) | accuracy=0.9806, precision=0.9123, recall=0.8896, f1-score=0.8987
        update(after)=1 <- 0(λ=0.0030, τ=0.8900)
                                                                                                                                                                                                                
[PBT Round 28/30, epoch 140/150]
        best(before)=0 | (λ=0.0050, τ=0.8750) | accuracy=0.9799, precision=0.9164, recall=0.8887, f1-score=0.8998
        worst(before)=2 | (λ=0.0030, τ=0.8900) | accuracy=0.9802, precision=0.9147, recall=0.8873, f1-score=0.8988
        update(after)=2 <- 0(λ=0.0030, τ=0.8900)
                                                                                                                                                                                                                
[PBT Round 29/30, epoch 145/150]
        best(before)=1 | (λ=0.0030, τ=0.8900) | accuracy=0.9805, precision=0.9188, recall=0.8883, f1-score=0.9013
        worst(before)=2 | (λ=0.0030, τ=0.8900) | accuracy=0.9806, precision=0.9096, recall=0.8938, f1-score=0.8994
        update(after)=2 <- 1(λ=0.0042, τ=0.8750)
                                                                                                                                                                                                                
[PBT Round 30/30, epoch 150/150]
        best(before)=1 | (λ=0.0030, τ=0.8900) | accuracy=0.9808, precision=0.9198, recall=0.8935, f1-score=0.9047
        worst(before)=2 | (λ=0.0042, τ=0.8750) | accuracy=0.9804, precision=0.9216, recall=0.8899, f1-score=0.9034
        update(after)=2 <- 1(λ=0.0018, τ=0.8750)
Worker-0 alive=False, exitcode=0
Worker-1 alive=False, exitcode=0
Worker-2 alive=False, exitcode=0
Explorer-4 alive=False, exitcode=0

[PBT Result]
        Tuning time: 651 min 17.20 sec
        Best task=1 | round=30 | epoch=150
        metrics: accuracy=0.9808, precision=0.9198, recall=0.8935, f1-score=0.9047
        hyperparams: λ=0.0030, τ=0.8900
        λ history: [1.0, 0.006, 0.003, 0.0042, 0.003, 0.0042, 0.0083, 0.005, 0.0036, 0.0083, 0.007, 0.003]
        τ history: [0.9, 0.835, 0.845, 0.83, 0.83, 0.86, 0.86, 0.845, 0.86, 0.89, 0.86, 0.89]
        Epochs: 150 per task | 450 task-epochs

[Best PBT Validation] Loss: 0.0630, Acc: 0.9808, Prec: 0.9198, Rec: 0.8935, F1: 0.9047                                                                                                                          
[Best PBT Validation] Classification Report:
              precision    recall  f1-score   support

           0     0.9759    0.8820    0.9266       644
           1     0.8000    0.9157    0.8539        83
           2     0.9415    0.8072    0.8692       778
           3     0.9729    0.9904    0.9816      1452
           4     0.8569    0.7788    0.8160       538
           5     0.9561    0.8450    0.8971       129
           6     0.8305    0.8258    0.8282       178
           7     0.9565    1.0000    0.9778        22
           8     0.9874    0.9963    0.9918     22114

    accuracy                         0.9808     25938
   macro avg     0.9198    0.8935    0.9047     25938
weighted avg     0.9804    0.9808    0.9803     25938

[Best PBT Validation] Confusion Matrix:
[[  568     6     0     0     4     0     1     0    65]
 [    2    76     0     0     5     0     0     0     0]
 [    1     2   628    22    27     3     0     0    95]
 [    0     0     6  1438     0     0     0     0     8]
 [    4     7     7     0   419     1    14     0    86]
 [    1     2     5     0     7   109     2     1     2]
 [    0     0     1     0     5     0   147     0    25]
 [    0     0     0     0     0     0     0    22     0]
 [    6     2    20    18    22     1    13     0 22032]]

[Best PBT Test] Loss: 0.0608, Acc: 0.9810, Prec: 0.9328, Rec: 0.8858, F1: 0.9076                                                                                                                                
[Best PBT Test] Classification Report:
              precision    recall  f1-score   support

           0     0.9627    0.9000    0.9303       430
           1     0.8448    0.8750    0.8596        56
           2     0.9273    0.8096    0.8645       520
           3     0.9796    0.9917    0.9856       968
           4     0.9088    0.8006    0.8513       361
           5     0.9326    0.9432    0.9379        88
           6     0.8529    0.7190    0.7803       121
           7     1.0000    0.9375    0.9677        16
           8     0.9864    0.9959    0.9912     14744

    accuracy                         0.9810     17304
   macro avg     0.9328    0.8858    0.9076     17304
weighted avg     0.9804    0.9810    0.9804     17304

[Best PBT Test] Confusion Matrix:
[[  387     0     0     0     2     0     0     0    41]
 [    1    49     0     0     4     0     1     0     1]
 [    0     1   421    15     7     0     1     0    75]
 [    0     0     3   960     0     0     0     0     5]
 [    4     5     9     0   289     1     2     0    51]
 [    1     0     2     0     2    83     0     0     0]
 [    0     1     0     0     4     0    87     0    29]
 [    0     0     0     0     0     1     0    15     0]
 [    9     2    19     5    10     4    11     0 14684]]